
[2026-05-03 20:18:04.678341] --- BẮT ĐẦU KIỂM TRA PHỤ HUYNH ID: 67 ---
Tìm thấy con: PH em Lý Phương Nam (ID: 30)
Kết quả truy vấn DiemDanh: Tìm thấy 2 bản ghi cho HS ID 30
Bản ghi đầu tiên: {'MaDiemDanh': 1017, 'NgayDiemDanh': datetime.date(2026, 5, 3), 'TrangThai': 'Vang', 'GhiChu': ''}
--- KẾT THÚC KIỂM TRA ---

[2026-05-03 20:27:30.831791] --- BẮT ĐẦU KIỂM TRA PHỤ HUYNH ID: 67 ---
Tìm thấy con: PH em Lý Phương Nam (ID: 30)
Kết quả truy vấn DiemDanh: Tìm thấy 2 bản ghi cho HS ID 30
Bản ghi đầu tiên: {'MaDiemDanh': 1017, 'NgayDiemDanh': datetime.date(2026, 5, 3), 'TrangThai': 'Vang', 'GhiChu': ''}
--- KẾT THÚC KIỂM TRA ---

[2026-05-03 20:27:35.887813] --- BẮT ĐẦU KIỂM TRA PHỤ HUYNH ID: 67 ---
Tìm thấy con: PH em Lý Phương Nam (ID: 30)
Kết quả truy vấn DiemDanh: Tìm thấy 2 bản ghi cho HS ID 30
Bản ghi đầu tiên: {'MaDiemDanh': 1017, 'NgayDiemDanh': datetime.date(2026, 5, 3), 'TrangThai': 'Vang', 'GhiChu': ''}
--- KẾT THÚC KIỂM TRA ---

[2026-05-03 20:27:49.658880] --- BẮT ĐẦU KIỂM TRA PHỤ HUYNH ID: 67 ---
Tìm thấy con: PH em Lý Phương Nam (ID: 30)
Kết quả truy vấn DiemDanh: Tìm thấy 2 bản ghi cho HS ID 30
Bản ghi đầu tiên: {'MaDiemDanh': 1017, 'NgayDiemDanh': datetime.date(2026, 5, 3), 'TrangThai': 'Vang', 'GhiChu': ''}
--- KẾT THÚC KIỂM TRA ---

[2026-05-03 20:28:01.216324] --- BẮT ĐẦU KIỂM TRA PHỤ HUYNH ID: 67 ---
Tìm thấy con: PH em Lý Phương Nam (ID: 30)
Kết quả truy vấn DiemDanh: Tìm thấy 2 bản ghi cho HS ID 30
Bản ghi đầu tiên: {'MaDiemDanh': 1017, 'NgayDiemDanh': datetime.date(2026, 5, 3), 'TrangThai': 'Vang', 'GhiChu': ''}
--- KẾT THÚC KIỂM TRA ---

[2026-05-03 21:20:52.470012] --- BẮT ĐẦU KIỂM TRA PHỤ HUYNH ID: 67 ---
Tìm thấy con: PH em Lý Phương Nam (ID: 30)
Kết quả truy vấn DiemDanh: Tìm thấy 2 bản ghi cho HS ID 30
Bản ghi đầu tiên: {'MaDiemDanh': 1017, 'NgayDiemDanh': datetime.date(2026, 5, 3), 'TrangThai': 'Vang', 'GhiChu': ''}
--- KẾT THÚC KIỂM TRA ---

[2026-05-03 21:26:41.349476] --- BẮT ĐẦU KIỂM TRA PHỤ HUYNH ID: 67 ---
Tìm thấy con: PH em Lý Phương Nam (ID: 30)
Kết quả truy vấn DiemDanh: Tìm thấy 2 bản ghi cho HS ID 30
Bản ghi đầu tiên: {'MaDiemDanh': 1017, 'NgayDiemDanh': datetime.date(2026, 5, 3), 'TrangThai': 'Vang', 'GhiChu': ''}
--- KẾT THÚC KIỂM TRA ---

[2026-05-04 06:12:20.010597] --- BẮT ĐẦU KIỂM TRA PHỤ HUYNH ID: 67 ---
Tìm thấy con: PH em Lý Phương Nam (ID: 30)
Kết quả truy vấn DiemDanh: Tìm thấy 3 bản ghi cho HS ID 30
Bản ghi đầu tiên: {'MaDiemDanh': 1023, 'NgayDiemDanh': datetime.date(2026, 5, 4), 'TrangThai': 'Vang (Co phep)', 'GhiChu': 'Nghỉ theo đơn #2016'}
--- KẾT THÚC KIỂM TRA ---

[2026-05-04 11:24:56.338654] --- BẮT ĐẦU KIỂM TRA PHỤ HUYNH ID: 67 ---
Tìm thấy con: PH em Lý Phương Nam (ID: 30)
Kết quả truy vấn DiemDanh: Tìm thấy 3 bản ghi cho HS ID 30
Bản ghi đầu tiên: {'MaDiemDanh': 1023, 'NgayDiemDanh': datetime.date(2026, 5, 4), 'TrangThai': 'Vang (Co phep)', 'GhiChu': 'Nghỉ theo đơn #2016'}
--- KẾT THÚC KIỂM TRA ---

[2026-05-04 11:27:12.493532] --- BẮT ĐẦU KIỂM TRA PHỤ HUYNH ID: 67 ---
Tìm thấy con: PH em Lý Phương Nam (ID: 30)
Kết quả truy vấn DiemDanh: Tìm thấy 3 bản ghi cho HS ID 30
Bản ghi đầu tiên: {'MaDiemDanh': 1023, 'NgayDiemDanh': datetime.date(2026, 5, 4), 'TrangThai': 'Vang (Co phep)', 'GhiChu': 'Nghỉ theo đơn #2016'}
--- KẾT THÚC KIỂM TRA ---

[2026-05-04 11:50:28.667115] --- BẮT ĐẦU KIỂM TRA PHỤ HUYNH ID: 67 ---
Tìm thấy con: PH em Lý Phương Nam (ID: 30)
Kết quả truy vấn DiemDanh: Tìm thấy 4 bản ghi cho HS ID 30
Bản ghi đầu tiên: {'MaDiemDanh': 1024, 'NgayDiemDanh': datetime.date(2026, 5, 5), 'TrangThai': 'Vang (Co phep)', 'GhiChu': 'Nghỉ theo đơn #2017'}
--- KẾT THÚC KIỂM TRA ---

[2026-05-04 21:22:28.725593] --- BẮT ĐẦU KIỂM TRA PHỤ HUYNH ID: 67 ---
Tìm thấy con: PH em Lý Phương Nam (ID: 30)
Kết quả truy vấn DiemDanh: Tìm thấy 4 bản ghi cho HS ID 30
Bản ghi đầu tiên: {'MaDiemDanh': 1024, 'NgayDiemDanh': datetime.date(2026, 5, 5), 'TrangThai': 'Vang (Co phep)', 'GhiChu': 'Nghỉ theo đơn #2017'}
--- KẾT THÚC KIỂM TRA ---

[2026-05-04 21:22:47.754621] --- BẮT ĐẦU KIỂM TRA PHỤ HUYNH ID: 67 ---
Tìm thấy con: PH em Lý Phương Nam (ID: 30)
Kết quả truy vấn DiemDanh: Tìm thấy 4 bản ghi cho HS ID 30
Bản ghi đầu tiên: {'MaDiemDanh': 1024, 'NgayDiemDanh': datetime.date(2026, 5, 5), 'TrangThai': 'Vang (Co phep)', 'GhiChu': 'Nghỉ theo đơn #2017'}
--- KẾT THÚC KIỂM TRA ---

[2026-05-04 21:23:21.738666] --- BẮT ĐẦU KIỂM TRA PHỤ HUYNH ID: 67 ---
Tìm thấy con: PH em Lý Phương Nam (ID: 30)
Kết quả truy vấn DiemDanh: Tìm thấy 4 bản ghi cho HS ID 30
Bản ghi đầu tiên: {'MaDiemDanh': 1024, 'NgayDiemDanh': datetime.date(2026, 5, 5), 'TrangThai': 'Vang (Co phep)', 'GhiChu': 'Nghỉ theo đơn #2017'}
--- KẾT THÚC KIỂM TRA ---

[2026-05-04 21:24:26.822085] --- BẮT ĐẦU KIỂM TRA PHỤ HUYNH ID: 67 ---
Tìm thấy con: PH em Lý Phương Nam (ID: 30)
Kết quả truy vấn DiemDanh: Tìm thấy 4 bản ghi cho HS ID 30
Bản ghi đầu tiên: {'MaDiemDanh': 1024, 'NgayDiemDanh': datetime.date(2026, 5, 5), 'TrangThai': 'Vang (Co phep)', 'GhiChu': 'Nghỉ theo đơn #2017'}
--- KẾT THÚC KIỂM TRA ---

[2026-05-04 21:24:57.780685] --- BẮT ĐẦU KIỂM TRA PHỤ HUYNH ID: 67 ---
Tìm thấy con: PH em Lý Phương Nam (ID: 30)
Kết quả truy vấn DiemDanh: Tìm thấy 4 bản ghi cho HS ID 30
Bản ghi đầu tiên: {'MaDiemDanh': 1024, 'NgayDiemDanh': datetime.date(2026, 5, 5), 'TrangThai': 'Vang (Co phep)', 'GhiChu': 'Nghỉ theo đơn #2017'}
--- KẾT THÚC KIỂM TRA ---

[2026-05-04 21:25:01.014377] --- BẮT ĐẦU KIỂM TRA PHỤ HUYNH ID: 67 ---
Tìm thấy con: PH em Lý Phương Nam (ID: 30)
Kết quả truy vấn DiemDanh: Tìm thấy 4 bản ghi cho HS ID 30
Bản ghi đầu tiên: {'MaDiemDanh': 1024, 'NgayDiemDanh': datetime.date(2026, 5, 5), 'TrangThai': 'Vang (Co phep)', 'GhiChu': 'Nghỉ theo đơn #2017'}
--- KẾT THÚC KIỂM TRA ---

[2026-05-04 21:25:02.605812] --- BẮT ĐẦU KIỂM TRA PHỤ HUYNH ID: 67 ---
Tìm thấy con: PH em Lý Phương Nam (ID: 30)
Kết quả truy vấn DiemDanh: Tìm thấy 4 bản ghi cho HS ID 30
Bản ghi đầu tiên: {'MaDiemDanh': 1024, 'NgayDiemDanh': datetime.date(2026, 5, 5), 'TrangThai': 'Vang (Co phep)', 'GhiChu': 'Nghỉ theo đơn #2017'}
--- KẾT THÚC KIỂM TRA ---

[2026-05-04 21:25:03.852020] --- BẮT ĐẦU KIỂM TRA PHỤ HUYNH ID: 67 ---
Tìm thấy con: PH em Lý Phương Nam (ID: 30)
Kết quả truy vấn DiemDanh: Tìm thấy 4 bản ghi cho HS ID 30
Bản ghi đầu tiên: {'MaDiemDanh': 1024, 'NgayDiemDanh': datetime.date(2026, 5, 5), 'TrangThai': 'Vang (Co phep)', 'GhiChu': 'Nghỉ theo đơn #2017'}
--- KẾT THÚC KIỂM TRA ---

[2026-05-04 21:25:06.958637] --- BẮT ĐẦU KIỂM TRA PHỤ HUYNH ID: 67 ---
Tìm thấy con: PH em Lý Phương Nam (ID: 30)
Kết quả truy vấn DiemDanh: Tìm thấy 4 bản ghi cho HS ID 30
Bản ghi đầu tiên: {'MaDiemDanh': 1024, 'NgayDiemDanh': datetime.date(2026, 5, 5), 'TrangThai': 'Vang (Co phep)', 'GhiChu': 'Nghỉ theo đơn #2017'}
--- KẾT THÚC KIỂM TRA ---

[2026-05-04 21:25:37.391594] --- BẮT ĐẦU KIỂM TRA PHỤ HUYNH ID: 67 ---
Tìm thấy con: PH em Lý Phương Nam (ID: 30)
Kết quả truy vấn DiemDanh: Tìm thấy 4 bản ghi cho HS ID 30
Bản ghi đầu tiên: {'MaDiemDanh': 1024, 'NgayDiemDanh': datetime.date(2026, 5, 5), 'TrangThai': 'Vang (Co phep)', 'GhiChu': 'Nghỉ theo đơn #2017'}
--- KẾT THÚC KIỂM TRA ---

[2026-05-04 22:06:22.540107] --- BẮT ĐẦU KIỂM TRA PHỤ HUYNH ID: 67 ---
Tìm thấy con: PH em Lý Phương Nam (ID: 30)
Kết quả truy vấn DiemDanh: Tìm thấy 4 bản ghi cho HS ID 30
Bản ghi đầu tiên: {'MaDiemDanh': 1024, 'NgayDiemDanh': datetime.date(2026, 5, 5), 'TrangThai': 'Vang (Co phep)', 'GhiChu': 'Nghỉ theo đơn #2017'}
--- KẾT THÚC KIỂM TRA ---

[2026-05-04 23:36:31.459341] --- BẮT ĐẦU KIỂM TRA PHỤ HUYNH ID: 67 ---
Tìm thấy con: PH em Lý Phương Nam (ID: 30)
Kết quả truy vấn DiemDanh: Tìm thấy 4 bản ghi cho HS ID 30
Bản ghi đầu tiên: {'MaDiemDanh': 1024, 'NgayDiemDanh': datetime.date(2026, 5, 5), 'TrangThai': 'Vang (Co phep)', 'GhiChu': 'Nghỉ theo đơn #2017'}
--- KẾT THÚC KIỂM TRA ---

[2026-05-04 23:36:42.400379] --- BẮT ĐẦU KIỂM TRA PHỤ HUYNH ID: 67 ---
Tìm thấy con: PH em Lý Phương Nam (ID: 30)
Kết quả truy vấn DiemDanh: Tìm thấy 4 bản ghi cho HS ID 30
Bản ghi đầu tiên: {'MaDiemDanh': 1024, 'NgayDiemDanh': datetime.date(2026, 5, 5), 'TrangThai': 'Vang (Co phep)', 'GhiChu': 'Nghỉ theo đơn #2017'}
--- KẾT THÚC KIỂM TRA ---

[2026-05-04 23:37:51.696679] --- BẮT ĐẦU KIỂM TRA PHỤ HUYNH ID: 67 ---
Tìm thấy con: PH em Lý Phương Nam (ID: 30)
Kết quả truy vấn DiemDanh: Tìm thấy 4 bản ghi cho HS ID 30
Bản ghi đầu tiên: {'MaDiemDanh': 1024, 'NgayDiemDanh': datetime.date(2026, 5, 5), 'TrangThai': 'Vang (Co phep)', 'GhiChu': 'Nghỉ theo đơn #2017'}
--- KẾT THÚC KIỂM TRA ---

[2026-05-07 13:44:45.900881] --- BẮT ĐẦU KIỂM TRA PHỤ HUYNH ID: 67 ---
Tìm thấy con: PH em Lý Phương Nam (ID: 30)
Kết quả truy vấn DiemDanh: Tìm thấy 4 bản ghi cho HS ID 30
Bản ghi đầu tiên: {'MaDiemDanh': 1024, 'NgayDiemDanh': datetime.date(2026, 5, 5), 'TrangThai': 'Vang (Co phep)', 'GhiChu': 'Nghỉ theo đơn #2017'}
--- KẾT THÚC KIỂM TRA ---

[2026-05-07 17:01:29.067885] --- BẮT ĐẦU KIỂM TRA PHỤ HUYNH ID: 67 ---
Tìm thấy con: PH em Lý Phương Nam (ID: 30)
Kết quả truy vấn DiemDanh: Tìm thấy 4 bản ghi cho HS ID 30
Bản ghi đầu tiên: {'MaDiemDanh': 1024, 'NgayDiemDanh': datetime.date(2026, 5, 5), 'TrangThai': 'Vang (Co phep)', 'GhiChu': 'Nghỉ theo đơn #2017'}
--- KẾT THÚC KIỂM TRA ---

[2026-05-07 18:10:52.766917] --- BẮT ĐẦU KIỂM TRA PHỤ HUYNH ID: 67 ---
Tìm thấy con: PH em Lý Phương Nam (ID: 30)
Kết quả truy vấn DiemDanh: Tìm thấy 4 bản ghi cho HS ID 30
Bản ghi đầu tiên: {'MaDiemDanh': 1024, 'NgayDiemDanh': datetime.date(2026, 5, 5), 'TrangThai': 'Vang (Co phep)', 'GhiChu': 'Nghỉ theo đơn #2017'}
--- KẾT THÚC KIỂM TRA ---

[2026-05-07 18:22:52.755444] --- BẮT ĐẦU KIỂM TRA PHỤ HUYNH ID: 67 ---
Tìm thấy con: PH em Lý Phương Nam (ID: 30)
Kết quả truy vấn DiemDanh: Tìm thấy 4 bản ghi cho HS ID 30
Bản ghi đầu tiên: {'MaDiemDanh': 1024, 'NgayDiemDanh': datetime.date(2026, 5, 5), 'TrangThai': 'Vang (Co phep)', 'GhiChu': 'Nghỉ theo đơn #2017'}
--- KẾT THÚC KIỂM TRA ---

[2026-05-07 18:23:22.771041] --- BẮT ĐẦU KIỂM TRA PHỤ HUYNH ID: 67 ---
Tìm thấy con: PH em Lý Phương Nam (ID: 30)
Kết quả truy vấn DiemDanh: Tìm thấy 4 bản ghi cho HS ID 30
Bản ghi đầu tiên: {'MaDiemDanh': 1024, 'NgayDiemDanh': datetime.date(2026, 5, 5), 'TrangThai': 'Vang (Co phep)', 'GhiChu': 'Nghỉ theo đơn #2017'}
--- KẾT THÚC KIỂM TRA ---

[2026-05-07 19:10:21.828773] --- BẮT ĐẦU KIỂM TRA PHỤ HUYNH ID: 67 ---
Tìm thấy con: PH em Lý Phương Nam (ID: 30)
Kết quả truy vấn DiemDanh: Tìm thấy 4 bản ghi cho HS ID 30
Bản ghi đầu tiên: {'MaDiemDanh': 1024, 'NgayDiemDanh': datetime.date(2026, 5, 5), 'TrangThai': 'Vang (Co phep)', 'GhiChu': 'Nghỉ theo đơn #2017'}
--- KẾT THÚC KIỂM TRA ---
