[2026-04-16 23:37:51] SENDING EMAIL TO: lehoangnam6a1@student.edunext.vn
SUBJECT: [EduNext] Thông báo mới: He thong Gold Standard v8 - Da Khop DB
CONTENT: Chào Lê Hoàng Nam (6A1),

Giáo viên chủ nhiệm vừa gửi một thông báo mới:

---
Da sua loi ten cot MaNguoiGui va NgayGui. He thong hien da hoat dong hoan hao.
---

Vui lòng đăng nhập hệ thống để xem chi tiết.
Status: SUCCESS (Simulated)
--------------------------------------------------
[2026-04-16 23:37:51] SENDING EMAIL TO: phamminhchau6a1@student.edunext.vn
SUBJECT: [EduNext] Thông báo mới: He thong Gold Standard v8 - Da Khop DB
CONTENT: Chào Phạm Minh Châu (6A1),

Giáo viên chủ nhiệm vừa gửi một thông báo mới:

---
Da sua loi ten cot MaNguoiGui va NgayGui. He thong hien da hoat dong hoan hao.
---

Vui lòng đăng nhập hệ thống để xem chi tiết.
Status: SUCCESS (Simulated)
--------------------------------------------------
[2026-04-16 23:37:51] SENDING EMAIL TO: nguyenminhanh6a1@student.edunext.vn
SUBJECT: [EduNext] Thông báo mới: He thong Gold Standard v8 - Da Khop DB
CONTENT: Chào Nguyễn Minh Anh (6A1),

Giáo viên chủ nhiệm vừa gửi một thông báo mới:

---
Da sua loi ten cot MaNguoiGui va NgayGui. He thong hien da hoat dong hoan hao.
---

Vui lòng đăng nhập hệ thống để xem chi tiết.
Status: SUCCESS (Simulated)
--------------------------------------------------
[2026-04-16 23:37:51] SENDING EMAIL TO: hoanganhdaung6a1@student.edunext.vn
SUBJECT: [EduNext] Thông báo mới: He thong Gold Standard v8 - Da Khop DB
CONTENT: Chào Hoàng Ánh Dương (6A1),

Giáo viên chủ nhiệm vừa gửi một thông báo mới:

---
Da sua loi ten cot MaNguoiGui va NgayGui. He thong hien da hoat dong hoan hao.
---

Vui lòng đăng nhập hệ thống để xem chi tiết.
Status: SUCCESS (Simulated)
--------------------------------------------------
[2026-04-16 23:37:51] SENDING EMAIL TO: ngothanhtam6a1@student.edunext.vn
SUBJECT: [EduNext] Thông báo mới: He thong Gold Standard v8 - Da Khop DB
CONTENT: Chào Ngô Thanh Tâm (6A1),

Giáo viên chủ nhiệm vừa gửi một thông báo mới:

---
Da sua loi ten cot MaNguoiGui va NgayGui. He thong hien da hoat dong hoan hao.
---

Vui lòng đăng nhập hệ thống để xem chi tiết.
Status: SUCCESS (Simulated)
--------------------------------------------------
[2026-04-16 23:37:51] SENDING EMAIL TO: maituyetnhi6a1@student.edunext.vn
SUBJECT: [EduNext] Thông báo mới: He thong Gold Standard v8 - Da Khop DB
CONTENT: Chào Mai Tuyết Nhi (6A1),

Giáo viên chủ nhiệm vừa gửi một thông báo mới:

---
Da sua loi ten cot MaNguoiGui va NgayGui. He thong hien da hoat dong hoan hao.
---

Vui lòng đăng nhập hệ thống để xem chi tiết.
Status: SUCCESS (Simulated)
--------------------------------------------------
[2026-04-16 23:37:51] SENDING EMAIL TO: phunghoaian6a1@student.edunext.vn
SUBJECT: [EduNext] Thông báo mới: He thong Gold Standard v8 - Da Khop DB
CONTENT: Chào Phùng Hoài An (6A1),

Giáo viên chủ nhiệm vừa gửi một thông báo mới:

---
Da sua loi ten cot MaNguoiGui va NgayGui. He thong hien da hoat dong hoan hao.
---

Vui lòng đăng nhập hệ thống để xem chi tiết.
Status: SUCCESS (Simulated)
--------------------------------------------------
[2026-04-16 23:37:51] SENDING EMAIL TO: tongvdnhau6a1@student.edunext.vn
SUBJECT: [EduNext] Thông báo mới: He thong Gold Standard v8 - Da Khop DB
CONTENT: Chào Tống Văn Hậu (6A1),

Giáo viên chủ nhiệm vừa gửi một thông báo mới:

---
Da sua loi ten cot MaNguoiGui va NgayGui. He thong hien da hoat dong hoan hao.
---

Vui lòng đăng nhập hệ thống để xem chi tiết.
Status: SUCCESS (Simulated)
--------------------------------------------------
[2026-04-16 23:37:51] SENDING EMAIL TO: denvau6a1@student.edunext.vn
SUBJECT: [EduNext] Thông báo mới: He thong Gold Standard v8 - Da Khop DB
CONTENT: Chào Đen Vâu (6A1),

Giáo viên chủ nhiệm vừa gửi một thông báo mới:

---
Da sua loi ten cot MaNguoiGui va NgayGui. He thong hien da hoat dong hoan hao.
---

Vui lòng đăng nhập hệ thống để xem chi tiết.
Status: SUCCESS (Simulated)
--------------------------------------------------
[2026-04-16 23:37:51] SENDING EMAIL TO: gv.6a1_alt@student.edunext.vn
SUBJECT: [EduNext] Thông báo mới: He thong Gold Standard v8 - Da Khop DB
CONTENT: Chào Giáo viên Khối 6,

Giáo viên chủ nhiệm vừa gửi một thông báo mới:

---
Da sua loi ten cot MaNguoiGui va NgayGui. He thong hien da hoat dong hoan hao.
---

Vui lòng đăng nhập hệ thống để xem chi tiết.
Status: SUCCESS (Simulated)
--------------------------------------------------
[2026-04-16 23:53:56] SENDING EMAIL TO: lehoangnam6a1@student.edunext.vn
SUBJECT: [EduNext] Thông báo mới: Th
CONTENT: Chào Lê Hoàng Nam (6A1),

Giáo viên chủ nhiệm vừa gửi một thông báo mới:

---
Ch
---

Vui lòng đăng nhập hệ thống để xem chi tiết.
Status: SUCCESS (Simulated)
--------------------------------------------------
[2026-04-16 23:53:56] SENDING EMAIL TO: phamminhchau6a1@student.edunext.vn
SUBJECT: [EduNext] Thông báo mới: Th
CONTENT: Chào Phạm Minh Châu (6A1),

Giáo viên chủ nhiệm vừa gửi một thông báo mới:

---
Ch
---

Vui lòng đăng nhập hệ thống để xem chi tiết.
Status: SUCCESS (Simulated)
--------------------------------------------------
[2026-04-16 23:53:56] SENDING EMAIL TO: nguyenminhanh6a1@student.edunext.vn
SUBJECT: [EduNext] Thông báo mới: Th
CONTENT: Chào Nguyễn Minh Anh (6A1),

Giáo viên chủ nhiệm vừa gửi một thông báo mới:

---
Ch
---

Vui lòng đăng nhập hệ thống để xem chi tiết.
Status: SUCCESS (Simulated)
--------------------------------------------------
[2026-04-16 23:53:56] SENDING EMAIL TO: hoanganhdaung6a1@student.edunext.vn
SUBJECT: [EduNext] Thông báo mới: Th
CONTENT: Chào Hoàng Ánh Dương (6A1),

Giáo viên chủ nhiệm vừa gửi một thông báo mới:

---
Ch
---

Vui lòng đăng nhập hệ thống để xem chi tiết.
Status: SUCCESS (Simulated)
--------------------------------------------------
[2026-04-16 23:53:56] SENDING EMAIL TO: ngothanhtam6a1@student.edunext.vn
SUBJECT: [EduNext] Thông báo mới: Th
CONTENT: Chào Ngô Thanh Tâm (6A1),

Giáo viên chủ nhiệm vừa gửi một thông báo mới:

---
Ch
---

Vui lòng đăng nhập hệ thống để xem chi tiết.
Status: SUCCESS (Simulated)
--------------------------------------------------
[2026-04-16 23:53:56] SENDING EMAIL TO: maituyetnhi6a1@student.edunext.vn
SUBJECT: [EduNext] Thông báo mới: Th
CONTENT: Chào Mai Tuyết Nhi (6A1),

Giáo viên chủ nhiệm vừa gửi một thông báo mới:

---
Ch
---

Vui lòng đăng nhập hệ thống để xem chi tiết.
Status: SUCCESS (Simulated)
--------------------------------------------------
[2026-04-16 23:53:56] SENDING EMAIL TO: phunghoaian6a1@student.edunext.vn
SUBJECT: [EduNext] Thông báo mới: Th
CONTENT: Chào Phùng Hoài An (6A1),

Giáo viên chủ nhiệm vừa gửi một thông báo mới:

---
Ch
---

Vui lòng đăng nhập hệ thống để xem chi tiết.
Status: SUCCESS (Simulated)
--------------------------------------------------
[2026-04-16 23:53:56] SENDING EMAIL TO: tongvdnhau6a1@student.edunext.vn
SUBJECT: [EduNext] Thông báo mới: Th
CONTENT: Chào Tống Văn Hậu (6A1),

Giáo viên chủ nhiệm vừa gửi một thông báo mới:

---
Ch
---

Vui lòng đăng nhập hệ thống để xem chi tiết.
Status: SUCCESS (Simulated)
--------------------------------------------------
[2026-04-16 23:53:56] SENDING EMAIL TO: denvau6a1@student.edunext.vn
SUBJECT: [EduNext] Thông báo mới: Th
CONTENT: Chào Đen Vâu (6A1),

Giáo viên chủ nhiệm vừa gửi một thông báo mới:

---
Ch
---

Vui lòng đăng nhập hệ thống để xem chi tiết.
Status: SUCCESS (Simulated)
--------------------------------------------------
[2026-04-16 23:53:56] SENDING EMAIL TO: gv.6a1_alt@student.edunext.vn
SUBJECT: [EduNext] Thông báo mới: Th
CONTENT: Chào Giáo viên Khối 6,

Giáo viên chủ nhiệm vừa gửi một thông báo mới:

---
Ch
---

Vui lòng đăng nhập hệ thống để xem chi tiết.
Status: SUCCESS (Simulated)
--------------------------------------------------
[2026-04-16 23:54:14] SENDING EMAIL TO: lehoangnam6a1@student.edunext.vn
SUBJECT: [EduNext] Thông báo mới: Thong bao quan trong: Lich thi cuoi ky
CONTENT: Chào Lê Hoàng Nam (6A1),

Giáo viên chủ nhiệm vừa gửi một thông báo mới:

---
Chao ca lop, lich thi hoc ky da duoc cap nhat. Cac em chu y on tap tot cac mon Giai tich va Tieng Anh nhe. Chuc cac em thi tot!
---

Vui lòng đăng nhập hệ thống để xem chi tiết.
Status: SUCCESS (Simulated)
--------------------------------------------------
[2026-04-16 23:54:14] SENDING EMAIL TO: phamminhchau6a1@student.edunext.vn
SUBJECT: [EduNext] Thông báo mới: Thong bao quan trong: Lich thi cuoi ky
CONTENT: Chào Phạm Minh Châu (6A1),

Giáo viên chủ nhiệm vừa gửi một thông báo mới:

---
Chao ca lop, lich thi hoc ky da duoc cap nhat. Cac em chu y on tap tot cac mon Giai tich va Tieng Anh nhe. Chuc cac em thi tot!
---

Vui lòng đăng nhập hệ thống để xem chi tiết.
Status: SUCCESS (Simulated)
--------------------------------------------------
[2026-04-16 23:54:14] SENDING EMAIL TO: nguyenminhanh6a1@student.edunext.vn
SUBJECT: [EduNext] Thông báo mới: Thong bao quan trong: Lich thi cuoi ky
CONTENT: Chào Nguyễn Minh Anh (6A1),

Giáo viên chủ nhiệm vừa gửi một thông báo mới:

---
Chao ca lop, lich thi hoc ky da duoc cap nhat. Cac em chu y on tap tot cac mon Giai tich va Tieng Anh nhe. Chuc cac em thi tot!
---

Vui lòng đăng nhập hệ thống để xem chi tiết.
Status: SUCCESS (Simulated)
--------------------------------------------------
[2026-04-16 23:54:14] SENDING EMAIL TO: hoanganhdaung6a1@student.edunext.vn
SUBJECT: [EduNext] Thông báo mới: Thong bao quan trong: Lich thi cuoi ky
CONTENT: Chào Hoàng Ánh Dương (6A1),

Giáo viên chủ nhiệm vừa gửi một thông báo mới:

---
Chao ca lop, lich thi hoc ky da duoc cap nhat. Cac em chu y on tap tot cac mon Giai tich va Tieng Anh nhe. Chuc cac em thi tot!
---

Vui lòng đăng nhập hệ thống để xem chi tiết.
Status: SUCCESS (Simulated)
--------------------------------------------------
[2026-04-16 23:54:14] SENDING EMAIL TO: ngothanhtam6a1@student.edunext.vn
SUBJECT: [EduNext] Thông báo mới: Thong bao quan trong: Lich thi cuoi ky
CONTENT: Chào Ngô Thanh Tâm (6A1),

Giáo viên chủ nhiệm vừa gửi một thông báo mới:

---
Chao ca lop, lich thi hoc ky da duoc cap nhat. Cac em chu y on tap tot cac mon Giai tich va Tieng Anh nhe. Chuc cac em thi tot!
---

Vui lòng đăng nhập hệ thống để xem chi tiết.
Status: SUCCESS (Simulated)
--------------------------------------------------
[2026-04-16 23:54:14] SENDING EMAIL TO: maituyetnhi6a1@student.edunext.vn
SUBJECT: [EduNext] Thông báo mới: Thong bao quan trong: Lich thi cuoi ky
CONTENT: Chào Mai Tuyết Nhi (6A1),

Giáo viên chủ nhiệm vừa gửi một thông báo mới:

---
Chao ca lop, lich thi hoc ky da duoc cap nhat. Cac em chu y on tap tot cac mon Giai tich va Tieng Anh nhe. Chuc cac em thi tot!
---

Vui lòng đăng nhập hệ thống để xem chi tiết.
Status: SUCCESS (Simulated)
--------------------------------------------------
[2026-04-16 23:54:14] SENDING EMAIL TO: phunghoaian6a1@student.edunext.vn
SUBJECT: [EduNext] Thông báo mới: Thong bao quan trong: Lich thi cuoi ky
CONTENT: Chào Phùng Hoài An (6A1),

Giáo viên chủ nhiệm vừa gửi một thông báo mới:

---
Chao ca lop, lich thi hoc ky da duoc cap nhat. Cac em chu y on tap tot cac mon Giai tich va Tieng Anh nhe. Chuc cac em thi tot!
---

Vui lòng đăng nhập hệ thống để xem chi tiết.
Status: SUCCESS (Simulated)
--------------------------------------------------
[2026-04-16 23:54:14] SENDING EMAIL TO: tongvdnhau6a1@student.edunext.vn
SUBJECT: [EduNext] Thông báo mới: Thong bao quan trong: Lich thi cuoi ky
CONTENT: Chào Tống Văn Hậu (6A1),

Giáo viên chủ nhiệm vừa gửi một thông báo mới:

---
Chao ca lop, lich thi hoc ky da duoc cap nhat. Cac em chu y on tap tot cac mon Giai tich va Tieng Anh nhe. Chuc cac em thi tot!
---

Vui lòng đăng nhập hệ thống để xem chi tiết.
Status: SUCCESS (Simulated)
--------------------------------------------------
[2026-04-16 23:54:14] SENDING EMAIL TO: denvau6a1@student.edunext.vn
SUBJECT: [EduNext] Thông báo mới: Thong bao quan trong: Lich thi cuoi ky
CONTENT: Chào Đen Vâu (6A1),

Giáo viên chủ nhiệm vừa gửi một thông báo mới:

---
Chao ca lop, lich thi hoc ky da duoc cap nhat. Cac em chu y on tap tot cac mon Giai tich va Tieng Anh nhe. Chuc cac em thi tot!
---

Vui lòng đăng nhập hệ thống để xem chi tiết.
Status: SUCCESS (Simulated)
--------------------------------------------------
[2026-04-16 23:54:14] SENDING EMAIL TO: gv.6a1_alt@student.edunext.vn
SUBJECT: [EduNext] Thông báo mới: Thong bao quan trong: Lich thi cuoi ky
CONTENT: Chào Giáo viên Khối 6,

Giáo viên chủ nhiệm vừa gửi một thông báo mới:

---
Chao ca lop, lich thi hoc ky da duoc cap nhat. Cac em chu y on tap tot cac mon Giai tich va Tieng Anh nhe. Chuc cac em thi tot!
---

Vui lòng đăng nhập hệ thống để xem chi tiết.
Status: SUCCESS (Simulated)
--------------------------------------------------
[2026-04-22 16:42:26] SENDING EMAIL TO: lehoangnam6a1@student.edunext.vn
SUBJECT: [EduNext] Thông báo mới: ưaefef
CONTENT: Chào Lê Hoàng Nam (6A1),

Giáo viên chủ nhiệm vừa gửi một thông báo mới:

---
ưaefwefw
---

Vui lòng đăng nhập hệ thống để xem chi tiết.
Status: SUCCESS (Simulated)
--------------------------------------------------
[2026-04-22 16:42:26] SENDING EMAIL TO: phamminhchau6a1@student.edunext.vn
SUBJECT: [EduNext] Thông báo mới: ưaefef
CONTENT: Chào Phạm Minh Châu (6A1),

Giáo viên chủ nhiệm vừa gửi một thông báo mới:

---
ưaefwefw
---

Vui lòng đăng nhập hệ thống để xem chi tiết.
Status: SUCCESS (Simulated)
--------------------------------------------------
[2026-04-22 16:42:26] SENDING EMAIL TO: nguyenminhanh6a1@student.edunext.vn
SUBJECT: [EduNext] Thông báo mới: ưaefef
CONTENT: Chào Nguyễn Minh Anh (6A1),

Giáo viên chủ nhiệm vừa gửi một thông báo mới:

---
ưaefwefw
---

Vui lòng đăng nhập hệ thống để xem chi tiết.
Status: SUCCESS (Simulated)
--------------------------------------------------
[2026-04-22 16:42:26] SENDING EMAIL TO: hoanganhdaung6a1@student.edunext.vn
SUBJECT: [EduNext] Thông báo mới: ưaefef
CONTENT: Chào Hoàng Ánh Dương (6A1),

Giáo viên chủ nhiệm vừa gửi một thông báo mới:

---
ưaefwefw
---

Vui lòng đăng nhập hệ thống để xem chi tiết.
Status: SUCCESS (Simulated)
--------------------------------------------------
[2026-04-22 16:42:26] SENDING EMAIL TO: ngothanhtam6a1@student.edunext.vn
SUBJECT: [EduNext] Thông báo mới: ưaefef
CONTENT: Chào Ngô Thanh Tâm (6A1),

Giáo viên chủ nhiệm vừa gửi một thông báo mới:

---
ưaefwefw
---

Vui lòng đăng nhập hệ thống để xem chi tiết.
Status: SUCCESS (Simulated)
--------------------------------------------------
[2026-04-22 16:42:26] SENDING EMAIL TO: maituyetnhi6a1@student.edunext.vn
SUBJECT: [EduNext] Thông báo mới: ưaefef
CONTENT: Chào Mai Tuyết Nhi (6A1),

Giáo viên chủ nhiệm vừa gửi một thông báo mới:

---
ưaefwefw
---

Vui lòng đăng nhập hệ thống để xem chi tiết.
Status: SUCCESS (Simulated)
--------------------------------------------------
[2026-04-22 16:42:26] SENDING EMAIL TO: phunghoaian6a1@student.edunext.vn
SUBJECT: [EduNext] Thông báo mới: ưaefef
CONTENT: Chào Phùng Hoài An (6A1),

Giáo viên chủ nhiệm vừa gửi một thông báo mới:

---
ưaefwefw
---

Vui lòng đăng nhập hệ thống để xem chi tiết.
Status: SUCCESS (Simulated)
--------------------------------------------------
[2026-04-22 16:42:26] SENDING EMAIL TO: tongvdnhau6a1@student.edunext.vn
SUBJECT: [EduNext] Thông báo mới: ưaefef
CONTENT: Chào Tống Văn Hậu (6A1),

Giáo viên chủ nhiệm vừa gửi một thông báo mới:

---
ưaefwefw
---

Vui lòng đăng nhập hệ thống để xem chi tiết.
Status: SUCCESS (Simulated)
--------------------------------------------------
[2026-04-22 16:42:26] SENDING EMAIL TO: denvau6a1@student.edunext.vn
SUBJECT: [EduNext] Thông báo mới: ưaefef
CONTENT: Chào Đen Vâu (6A1),

Giáo viên chủ nhiệm vừa gửi một thông báo mới:

---
ưaefwefw
---

Vui lòng đăng nhập hệ thống để xem chi tiết.
Status: SUCCESS (Simulated)
--------------------------------------------------
[2026-04-22 16:42:26] SENDING EMAIL TO: gv.6a1_alt@student.edunext.vn
SUBJECT: [EduNext] Thông báo mới: ưaefef
CONTENT: Chào Giáo viên Khối 6,

Giáo viên chủ nhiệm vừa gửi một thông báo mới:

---
ưaefwefw
---

Vui lòng đăng nhập hệ thống để xem chi tiết.
Status: SUCCESS (Simulated)
--------------------------------------------------
[2026-05-01 01:39:43] SENDING EMAIL TO: hoangngocdiip7a1@student.edunext.vn
SUBJECT: [EduNext] Thông báo mới: Nhà trường chúc toàn thể quý phụ huynh và các em học sinh có một kỳ nghỉ lễ vui vẻ và an toàn.
CONTENT: Chào Hoàng Ngọc Diệp (7A1),

Giáo viên chủ nhiệm vừa gửi một thông báo mới:

---
🎉 Chúc mừng ngày Quốc tế Lao động 1/5!
---

Vui lòng đăng nhập hệ thống để xem chi tiết.
Status: SUCCESS (Simulated)
--------------------------------------------------
[2026-05-01 01:39:43] SENDING EMAIL TO: dengtiendong7a1@student.edunext.vn
SUBJECT: [EduNext] Thông báo mới: Nhà trường chúc toàn thể quý phụ huynh và các em học sinh có một kỳ nghỉ lễ vui vẻ và an toàn.
CONTENT: Chào Đặng Tiến Dũng (7A1),

Giáo viên chủ nhiệm vừa gửi một thông báo mới:

---
🎉 Chúc mừng ngày Quốc tế Lao động 1/5!
---

Vui lòng đăng nhập hệ thống để xem chi tiết.
Status: SUCCESS (Simulated)
--------------------------------------------------
[2026-05-01 01:39:43] SENDING EMAIL TO: vohaiyen7a1@student.edunext.vn
SUBJECT: [EduNext] Thông báo mới: Nhà trường chúc toàn thể quý phụ huynh và các em học sinh có một kỳ nghỉ lễ vui vẻ và an toàn.
CONTENT: Chào Vũ Hải Yến (7A1),

Giáo viên chủ nhiệm vừa gửi một thông báo mới:

---
🎉 Chúc mừng ngày Quốc tế Lao động 1/5!
---

Vui lòng đăng nhập hệ thống để xem chi tiết.
Status: SUCCESS (Simulated)
--------------------------------------------------
[2026-05-01 01:39:43] SENDING EMAIL TO: tranthaichi7a1@student.edunext.vn
SUBJECT: [EduNext] Thông báo mới: Nhà trường chúc toàn thể quý phụ huynh và các em học sinh có một kỳ nghỉ lễ vui vẻ và an toàn.
CONTENT: Chào Trần Thái Chi (7A1),

Giáo viên chủ nhiệm vừa gửi một thông báo mới:

---
🎉 Chúc mừng ngày Quốc tế Lao động 1/5!
---

Vui lòng đăng nhập hệ thống để xem chi tiết.
Status: SUCCESS (Simulated)
--------------------------------------------------
[2026-05-01 01:39:43] SENDING EMAIL TO: dengthuylinh7a1@student.edunext.vn
SUBJECT: [EduNext] Thông báo mới: Nhà trường chúc toàn thể quý phụ huynh và các em học sinh có một kỳ nghỉ lễ vui vẻ và an toàn.
CONTENT: Chào Đặng Thùy Linh (7A1),

Giáo viên chủ nhiệm vừa gửi một thông báo mới:

---
🎉 Chúc mừng ngày Quốc tế Lao động 1/5!
---

Vui lòng đăng nhập hệ thống để xem chi tiết.
Status: SUCCESS (Simulated)
--------------------------------------------------
[2026-05-01 01:39:43] SENDING EMAIL TO: quachthuthao7a1@student.edunext.vn
SUBJECT: [EduNext] Thông báo mới: Nhà trường chúc toàn thể quý phụ huynh và các em học sinh có một kỳ nghỉ lễ vui vẻ và an toàn.
CONTENT: Chào Quách Thu Thảo (7A1),

Giáo viên chủ nhiệm vừa gửi một thông báo mới:

---
🎉 Chúc mừng ngày Quốc tế Lao động 1/5!
---

Vui lòng đăng nhập hệ thống để xem chi tiết.
Status: SUCCESS (Simulated)
--------------------------------------------------
[2026-05-01 01:39:43] SENDING EMAIL TO: phananhtuan7a1@student.edunext.vn
SUBJECT: [EduNext] Thông báo mới: Nhà trường chúc toàn thể quý phụ huynh và các em học sinh có một kỳ nghỉ lễ vui vẻ và an toàn.
CONTENT: Chào Phan Anh Tuấn (7A1),

Giáo viên chủ nhiệm vừa gửi một thông báo mới:

---
🎉 Chúc mừng ngày Quốc tế Lao động 1/5!
---

Vui lòng đăng nhập hệ thống để xem chi tiết.
Status: SUCCESS (Simulated)
--------------------------------------------------
[2026-05-01 01:39:43] SENDING EMAIL TO: caomanhhung7a1@student.edunext.vn
SUBJECT: [EduNext] Thông báo mới: Nhà trường chúc toàn thể quý phụ huynh và các em học sinh có một kỳ nghỉ lễ vui vẻ và an toàn.
CONTENT: Chào Cao Mạnh Hùng (7A1),

Giáo viên chủ nhiệm vừa gửi một thông báo mới:

---
🎉 Chúc mừng ngày Quốc tế Lao động 1/5!
---

Vui lòng đăng nhập hệ thống để xem chi tiết.
Status: SUCCESS (Simulated)
--------------------------------------------------
[2026-05-01 01:39:43] SENDING EMAIL TO: mongvdndong7a1@student.edunext.vn
SUBJECT: [EduNext] Thông báo mới: Nhà trường chúc toàn thể quý phụ huynh và các em học sinh có một kỳ nghỉ lễ vui vẻ và an toàn.
CONTENT: Chào Mông Văn Đống (7A1),

Giáo viên chủ nhiệm vừa gửi một thông báo mới:

---
🎉 Chúc mừng ngày Quốc tế Lao động 1/5!
---

Vui lòng đăng nhập hệ thống để xem chi tiết.
Status: SUCCESS (Simulated)
--------------------------------------------------
[2026-05-01 01:44:24] SENDING EMAIL TO: hoangngocdiip7a1@student.edunext.vn
SUBJECT: [EduNext] Thông báo mới: aaaaaaaaaaaa
CONTENT: Chào Hoàng Ngọc Diệp (7A1),

Giáo viên chủ nhiệm vừa gửi một thông báo mới:

---
âvvvvvvvvvvvvvvvvvvvvv
---

Vui lòng đăng nhập hệ thống để xem chi tiết.
Status: SUCCESS (Simulated)
--------------------------------------------------
[2026-05-01 01:44:24] SENDING EMAIL TO: dengtiendong7a1@student.edunext.vn
SUBJECT: [EduNext] Thông báo mới: aaaaaaaaaaaa
CONTENT: Chào Đặng Tiến Dũng (7A1),

Giáo viên chủ nhiệm vừa gửi một thông báo mới:

---
âvvvvvvvvvvvvvvvvvvvvv
---

Vui lòng đăng nhập hệ thống để xem chi tiết.
Status: SUCCESS (Simulated)
--------------------------------------------------
[2026-05-01 01:44:24] SENDING EMAIL TO: vohaiyen7a1@student.edunext.vn
SUBJECT: [EduNext] Thông báo mới: aaaaaaaaaaaa
CONTENT: Chào Vũ Hải Yến (7A1),

Giáo viên chủ nhiệm vừa gửi một thông báo mới:

---
âvvvvvvvvvvvvvvvvvvvvv
---

Vui lòng đăng nhập hệ thống để xem chi tiết.
Status: SUCCESS (Simulated)
--------------------------------------------------
[2026-05-01 01:44:24] SENDING EMAIL TO: tranthaichi7a1@student.edunext.vn
SUBJECT: [EduNext] Thông báo mới: aaaaaaaaaaaa
CONTENT: Chào Trần Thái Chi (7A1),

Giáo viên chủ nhiệm vừa gửi một thông báo mới:

---
âvvvvvvvvvvvvvvvvvvvvv
---

Vui lòng đăng nhập hệ thống để xem chi tiết.
Status: SUCCESS (Simulated)
--------------------------------------------------
[2026-05-01 01:44:24] SENDING EMAIL TO: dengthuylinh7a1@student.edunext.vn
SUBJECT: [EduNext] Thông báo mới: aaaaaaaaaaaa
CONTENT: Chào Đặng Thùy Linh (7A1),

Giáo viên chủ nhiệm vừa gửi một thông báo mới:

---
âvvvvvvvvvvvvvvvvvvvvv
---

Vui lòng đăng nhập hệ thống để xem chi tiết.
Status: SUCCESS (Simulated)
--------------------------------------------------
[2026-05-01 01:44:24] SENDING EMAIL TO: quachthuthao7a1@student.edunext.vn
SUBJECT: [EduNext] Thông báo mới: aaaaaaaaaaaa
CONTENT: Chào Quách Thu Thảo (7A1),

Giáo viên chủ nhiệm vừa gửi một thông báo mới:

---
âvvvvvvvvvvvvvvvvvvvvv
---

Vui lòng đăng nhập hệ thống để xem chi tiết.
Status: SUCCESS (Simulated)
--------------------------------------------------
[2026-05-01 01:44:24] SENDING EMAIL TO: phananhtuan7a1@student.edunext.vn
SUBJECT: [EduNext] Thông báo mới: aaaaaaaaaaaa
CONTENT: Chào Phan Anh Tuấn (7A1),

Giáo viên chủ nhiệm vừa gửi một thông báo mới:

---
âvvvvvvvvvvvvvvvvvvvvv
---

Vui lòng đăng nhập hệ thống để xem chi tiết.
Status: SUCCESS (Simulated)
--------------------------------------------------
[2026-05-01 01:44:24] SENDING EMAIL TO: caomanhhung7a1@student.edunext.vn
SUBJECT: [EduNext] Thông báo mới: aaaaaaaaaaaa
CONTENT: Chào Cao Mạnh Hùng (7A1),

Giáo viên chủ nhiệm vừa gửi một thông báo mới:

---
âvvvvvvvvvvvvvvvvvvvvv
---

Vui lòng đăng nhập hệ thống để xem chi tiết.
Status: SUCCESS (Simulated)
--------------------------------------------------
[2026-05-01 01:44:24] SENDING EMAIL TO: mongvdndong7a1@student.edunext.vn
SUBJECT: [EduNext] Thông báo mới: aaaaaaaaaaaa
CONTENT: Chào Mông Văn Đống (7A1),

Giáo viên chủ nhiệm vừa gửi một thông báo mới:

---
âvvvvvvvvvvvvvvvvvvvvv
---

Vui lòng đăng nhập hệ thống để xem chi tiết.
Status: SUCCESS (Simulated)
--------------------------------------------------
[2026-05-03 00:49:17] SENDING EMAIL TO: buixuanhuan8a1@student.edunext.vn
SUBJECT: [EduNext] Thông báo mới: bbbbb
CONTENT: Chào Bùi Xuân Huấn (8A1),

Giáo viên chủ nhiệm vừa gửi một thông báo mới:

---
cccccccccccc
---

Vui lòng đăng nhập hệ thống để xem chi tiết.
Status: SUCCESS (Simulated)
--------------------------------------------------
[2026-05-03 00:49:17] SENDING EMAIL TO: ngokienhuy8a1@student.edunext.vn
SUBJECT: [EduNext] Thông báo mới: bbbbb
CONTENT: Chào Ngô Kiến Huy (8A1),

Giáo viên chủ nhiệm vừa gửi một thông báo mới:

---
cccccccccccc
---

Vui lòng đăng nhập hệ thống để xem chi tiết.
Status: SUCCESS (Simulated)
--------------------------------------------------
[2026-05-03 00:49:17] SENDING EMAIL TO: traungmlan8a1@student.edunext.vn
SUBJECT: [EduNext] Thông báo mới: bbbbb
CONTENT: Chào Trương Mỹ Lan (8A1),

Giáo viên chủ nhiệm vừa gửi một thông báo mới:

---
cccccccccccc
---

Vui lòng đăng nhập hệ thống để xem chi tiết.
Status: SUCCESS (Simulated)
--------------------------------------------------
[2026-05-03 00:49:17] SENDING EMAIL TO: phamhaiddng8a1@student.edunext.vn
SUBJECT: [EduNext] Thông báo mới: bbbbb
CONTENT: Chào Phạm Hải Đăng (8A1),

Giáo viên chủ nhiệm vừa gửi một thông báo mới:

---
cccccccccccc
---

Vui lòng đăng nhập hệ thống để xem chi tiết.
Status: SUCCESS (Simulated)
--------------------------------------------------
[2026-05-03 00:49:17] SENDING EMAIL TO: buiduynam8a1@student.edunext.vn
SUBJECT: [EduNext] Thông báo mới: bbbbb
CONTENT: Chào Bùi Duy Nam (8A1),

Giáo viên chủ nhiệm vừa gửi một thông báo mới:

---
cccccccccccc
---

Vui lòng đăng nhập hệ thống để xem chi tiết.
Status: SUCCESS (Simulated)
--------------------------------------------------
[2026-05-03 00:49:17] SENDING EMAIL TO: laphaungnam8a1@student.edunext.vn
SUBJECT: [EduNext] Thông báo mới: bbbbb
CONTENT: Chào Lý Phương Nam (8A1),

Giáo viên chủ nhiệm vừa gửi một thông báo mới:

---
cccccccccccc
---

Vui lòng đăng nhập hệ thống để xem chi tiết.
Status: SUCCESS (Simulated)
--------------------------------------------------
[2026-05-03 00:49:17] SENDING EMAIL TO: taminhhuy8a1@student.edunext.vn
SUBJECT: [EduNext] Thông báo mới: bbbbb
CONTENT: Chào Tạ Minh Huy (8A1),

Giáo viên chủ nhiệm vừa gửi một thông báo mới:

---
cccccccccccc
---

Vui lòng đăng nhập hệ thống để xem chi tiết.
Status: SUCCESS (Simulated)
--------------------------------------------------
[2026-05-03 00:49:17] SENDING EMAIL TO: laungmduyen8a1@student.edunext.vn
SUBJECT: [EduNext] Thông báo mới: bbbbb
CONTENT: Chào Lương Mỹ Duyên (6A1),

Giáo viên chủ nhiệm vừa gửi một thông báo mới:

---
cccccccccccc
---

Vui lòng đăng nhập hệ thống để xem chi tiết.
Status: SUCCESS (Simulated)
--------------------------------------------------
[2026-05-03 00:49:17] SENDING EMAIL TO: suntung8a1@student.edunext.vn
SUBJECT: [EduNext] Thông báo mới: bbbbb
CONTENT: Chào Sơn Tùng (8A1),

Giáo viên chủ nhiệm vừa gửi một thông báo mới:

---
cccccccccccc
---

Vui lòng đăng nhập hệ thống để xem chi tiết.
Status: SUCCESS (Simulated)
--------------------------------------------------
[2026-05-03 11:11:08] SENDING EMAIL TO: buixuanhuan8a1@student.edunext.vn
SUBJECT: [EduNext] Thông báo mới: 888888888888888888
CONTENT: Chào Bùi Xuân Huấn (8A1),

Giáo viên chủ nhiệm vừa gửi một thông báo mới:

---
999999999999999999
---

Vui lòng đăng nhập hệ thống để xem chi tiết.
Status: SUCCESS (Simulated)
--------------------------------------------------
[2026-05-03 11:11:08] SENDING EMAIL TO: ngokienhuy8a1@student.edunext.vn
SUBJECT: [EduNext] Thông báo mới: 888888888888888888
CONTENT: Chào Ngô Kiến Huy (8A1),

Giáo viên chủ nhiệm vừa gửi một thông báo mới:

---
999999999999999999
---

Vui lòng đăng nhập hệ thống để xem chi tiết.
Status: SUCCESS (Simulated)
--------------------------------------------------
[2026-05-03 11:11:08] SENDING EMAIL TO: traungmlan8a1@student.edunext.vn
SUBJECT: [EduNext] Thông báo mới: 888888888888888888
CONTENT: Chào Trương Mỹ Lan (8A1),

Giáo viên chủ nhiệm vừa gửi một thông báo mới:

---
999999999999999999
---

Vui lòng đăng nhập hệ thống để xem chi tiết.
Status: SUCCESS (Simulated)
--------------------------------------------------
[2026-05-03 11:11:08] SENDING EMAIL TO: phamhaiddng8a1@student.edunext.vn
SUBJECT: [EduNext] Thông báo mới: 888888888888888888
CONTENT: Chào Phạm Hải Đăng (8A1),

Giáo viên chủ nhiệm vừa gửi một thông báo mới:

---
999999999999999999
---

Vui lòng đăng nhập hệ thống để xem chi tiết.
Status: SUCCESS (Simulated)
--------------------------------------------------
[2026-05-03 11:11:08] SENDING EMAIL TO: buiduynam8a1@student.edunext.vn
SUBJECT: [EduNext] Thông báo mới: 888888888888888888
CONTENT: Chào Bùi Duy Nam (8A1),

Giáo viên chủ nhiệm vừa gửi một thông báo mới:

---
999999999999999999
---

Vui lòng đăng nhập hệ thống để xem chi tiết.
Status: SUCCESS (Simulated)
--------------------------------------------------
[2026-05-03 11:11:08] SENDING EMAIL TO: laphaungnam8a1@student.edunext.vn
SUBJECT: [EduNext] Thông báo mới: 888888888888888888
CONTENT: Chào Lý Phương Nam (8A1),

Giáo viên chủ nhiệm vừa gửi một thông báo mới:

---
999999999999999999
---

Vui lòng đăng nhập hệ thống để xem chi tiết.
Status: SUCCESS (Simulated)
--------------------------------------------------
[2026-05-03 11:11:08] SENDING EMAIL TO: taminhhuy8a1@student.edunext.vn
SUBJECT: [EduNext] Thông báo mới: 888888888888888888
CONTENT: Chào Tạ Minh Huy (8A1),

Giáo viên chủ nhiệm vừa gửi một thông báo mới:

---
999999999999999999
---

Vui lòng đăng nhập hệ thống để xem chi tiết.
Status: SUCCESS (Simulated)
--------------------------------------------------
[2026-05-03 11:11:08] SENDING EMAIL TO: laungmduyen8a1@student.edunext.vn
SUBJECT: [EduNext] Thông báo mới: 888888888888888888
CONTENT: Chào Lương Mỹ Duyên (6A1),

Giáo viên chủ nhiệm vừa gửi một thông báo mới:

---
999999999999999999
---

Vui lòng đăng nhập hệ thống để xem chi tiết.
Status: SUCCESS (Simulated)
--------------------------------------------------
[2026-05-03 11:11:08] SENDING EMAIL TO: suntung8a1@student.edunext.vn
SUBJECT: [EduNext] Thông báo mới: 888888888888888888
CONTENT: Chào Sơn Tùng (8A1),

Giáo viên chủ nhiệm vừa gửi một thông báo mới:

---
999999999999999999
---

Vui lòng đăng nhập hệ thống để xem chi tiết.
Status: SUCCESS (Simulated)
--------------------------------------------------
[2026-05-03 19:23:57] SENDING EMAIL TO: buixuanhuan8a1@student.edunext.vn
SUBJECT: [EduNext] Thông báo mới: ngày mai mọi người mang đồ hót rác nhé
CONTENT: Chào Bùi Xuân Huấn (8A1),

Giáo viên chủ nhiệm vừa gửi một thông báo mới:

---
1111111111111111111
---

Vui lòng đăng nhập hệ thống để xem chi tiết.
Status: SUCCESS (Simulated)
--------------------------------------------------
[2026-05-03 19:23:57] SENDING EMAIL TO: ngokienhuy8a1@student.edunext.vn
SUBJECT: [EduNext] Thông báo mới: ngày mai mọi người mang đồ hót rác nhé
CONTENT: Chào Ngô Kiến Huy (8A1),

Giáo viên chủ nhiệm vừa gửi một thông báo mới:

---
1111111111111111111
---

Vui lòng đăng nhập hệ thống để xem chi tiết.
Status: SUCCESS (Simulated)
--------------------------------------------------
[2026-05-03 19:23:57] SENDING EMAIL TO: traungmlan8a1@student.edunext.vn
SUBJECT: [EduNext] Thông báo mới: ngày mai mọi người mang đồ hót rác nhé
CONTENT: Chào Trương Mỹ Lan (8A1),

Giáo viên chủ nhiệm vừa gửi một thông báo mới:

---
1111111111111111111
---

Vui lòng đăng nhập hệ thống để xem chi tiết.
Status: SUCCESS (Simulated)
--------------------------------------------------
[2026-05-03 19:23:57] SENDING EMAIL TO: phamhaiddng8a1@student.edunext.vn
SUBJECT: [EduNext] Thông báo mới: ngày mai mọi người mang đồ hót rác nhé
CONTENT: Chào Phạm Hải Đăng (8A1),

Giáo viên chủ nhiệm vừa gửi một thông báo mới:

---
1111111111111111111
---

Vui lòng đăng nhập hệ thống để xem chi tiết.
Status: SUCCESS (Simulated)
--------------------------------------------------
[2026-05-03 19:23:57] SENDING EMAIL TO: buiduynam8a1@student.edunext.vn
SUBJECT: [EduNext] Thông báo mới: ngày mai mọi người mang đồ hót rác nhé
CONTENT: Chào Bùi Duy Nam (8A1),

Giáo viên chủ nhiệm vừa gửi một thông báo mới:

---
1111111111111111111
---

Vui lòng đăng nhập hệ thống để xem chi tiết.
Status: SUCCESS (Simulated)
--------------------------------------------------
[2026-05-03 19:23:57] SENDING EMAIL TO: laphaungnam8a1@student.edunext.vn
SUBJECT: [EduNext] Thông báo mới: ngày mai mọi người mang đồ hót rác nhé
CONTENT: Chào Lý Phương Nam (8A1),

Giáo viên chủ nhiệm vừa gửi một thông báo mới:

---
1111111111111111111
---

Vui lòng đăng nhập hệ thống để xem chi tiết.
Status: SUCCESS (Simulated)
--------------------------------------------------
[2026-05-03 19:23:57] SENDING EMAIL TO: taminhhuy8a1@student.edunext.vn
SUBJECT: [EduNext] Thông báo mới: ngày mai mọi người mang đồ hót rác nhé
CONTENT: Chào Tạ Minh Huy (8A1),

Giáo viên chủ nhiệm vừa gửi một thông báo mới:

---
1111111111111111111
---

Vui lòng đăng nhập hệ thống để xem chi tiết.
Status: SUCCESS (Simulated)
--------------------------------------------------
[2026-05-03 19:23:57] SENDING EMAIL TO: laungmduyen8a1@student.edunext.vn
SUBJECT: [EduNext] Thông báo mới: ngày mai mọi người mang đồ hót rác nhé
CONTENT: Chào Lương Mỹ Duyên (6A1),

Giáo viên chủ nhiệm vừa gửi một thông báo mới:

---
1111111111111111111
---

Vui lòng đăng nhập hệ thống để xem chi tiết.
Status: SUCCESS (Simulated)
--------------------------------------------------
[2026-05-03 19:23:57] SENDING EMAIL TO: suntung8a1@student.edunext.vn
SUBJECT: [EduNext] Thông báo mới: ngày mai mọi người mang đồ hót rác nhé
CONTENT: Chào Sơn Tùng (8A1),

Giáo viên chủ nhiệm vừa gửi một thông báo mới:

---
1111111111111111111
---

Vui lòng đăng nhập hệ thống để xem chi tiết.
Status: SUCCESS (Simulated)
--------------------------------------------------
[2026-05-03 19:45:28] SENDING EMAIL TO: buixuanhuan8a1@student.edunext.vn
SUBJECT: [EduNext] Thông báo mới: ngày mai mọi người mang đồ hót rác nhé1
CONTENT: Chào Bùi Xuân Huấn (8A1),

Giáo viên chủ nhiệm vừa gửi một thông báo mới:

---
123123
---

Vui lòng đăng nhập hệ thống để xem chi tiết.
Status: SUCCESS (Simulated)
--------------------------------------------------
[2026-05-03 19:45:28] SENDING EMAIL TO: ngokienhuy8a1@student.edunext.vn
SUBJECT: [EduNext] Thông báo mới: ngày mai mọi người mang đồ hót rác nhé1
CONTENT: Chào Ngô Kiến Huy (8A1),

Giáo viên chủ nhiệm vừa gửi một thông báo mới:

---
123123
---

Vui lòng đăng nhập hệ thống để xem chi tiết.
Status: SUCCESS (Simulated)
--------------------------------------------------
[2026-05-03 19:45:28] SENDING EMAIL TO: traungmlan8a1@student.edunext.vn
SUBJECT: [EduNext] Thông báo mới: ngày mai mọi người mang đồ hót rác nhé1
CONTENT: Chào Trương Mỹ Lan (8A1),

Giáo viên chủ nhiệm vừa gửi một thông báo mới:

---
123123
---

Vui lòng đăng nhập hệ thống để xem chi tiết.
Status: SUCCESS (Simulated)
--------------------------------------------------
[2026-05-03 19:45:28] SENDING EMAIL TO: phamhaiddng8a1@student.edunext.vn
SUBJECT: [EduNext] Thông báo mới: ngày mai mọi người mang đồ hót rác nhé1
CONTENT: Chào Phạm Hải Đăng (8A1),

Giáo viên chủ nhiệm vừa gửi một thông báo mới:

---
123123
---

Vui lòng đăng nhập hệ thống để xem chi tiết.
Status: SUCCESS (Simulated)
--------------------------------------------------
[2026-05-03 19:45:28] SENDING EMAIL TO: buiduynam8a1@student.edunext.vn
SUBJECT: [EduNext] Thông báo mới: ngày mai mọi người mang đồ hót rác nhé1
CONTENT: Chào Bùi Duy Nam (8A1),

Giáo viên chủ nhiệm vừa gửi một thông báo mới:

---
123123
---

Vui lòng đăng nhập hệ thống để xem chi tiết.
Status: SUCCESS (Simulated)
--------------------------------------------------
[2026-05-03 19:45:28] SENDING EMAIL TO: laphaungnam8a1@student.edunext.vn
SUBJECT: [EduNext] Thông báo mới: ngày mai mọi người mang đồ hót rác nhé1
CONTENT: Chào Lý Phương Nam (8A1),

Giáo viên chủ nhiệm vừa gửi một thông báo mới:

---
123123
---

Vui lòng đăng nhập hệ thống để xem chi tiết.
Status: SUCCESS (Simulated)
--------------------------------------------------
[2026-05-03 19:45:28] SENDING EMAIL TO: taminhhuy8a1@student.edunext.vn
SUBJECT: [EduNext] Thông báo mới: ngày mai mọi người mang đồ hót rác nhé1
CONTENT: Chào Tạ Minh Huy (8A1),

Giáo viên chủ nhiệm vừa gửi một thông báo mới:

---
123123
---

Vui lòng đăng nhập hệ thống để xem chi tiết.
Status: SUCCESS (Simulated)
--------------------------------------------------
[2026-05-03 19:45:28] SENDING EMAIL TO: laungmduyen8a1@student.edunext.vn
SUBJECT: [EduNext] Thông báo mới: ngày mai mọi người mang đồ hót rác nhé1
CONTENT: Chào Lương Mỹ Duyên (6A1),

Giáo viên chủ nhiệm vừa gửi một thông báo mới:

---
123123
---

Vui lòng đăng nhập hệ thống để xem chi tiết.
Status: SUCCESS (Simulated)
--------------------------------------------------
[2026-05-03 19:45:28] SENDING EMAIL TO: suntung8a1@student.edunext.vn
SUBJECT: [EduNext] Thông báo mới: ngày mai mọi người mang đồ hót rác nhé1
CONTENT: Chào Sơn Tùng (8A1),

Giáo viên chủ nhiệm vừa gửi một thông báo mới:

---
123123
---

Vui lòng đăng nhập hệ thống để xem chi tiết.
Status: SUCCESS (Simulated)
--------------------------------------------------
[2026-05-04 05:53:26] SENDING EMAIL TO: 22050034@student.bdu.edu.vn
SUBJECT: [EduNext] Xác nhận đăng ký sự kiện: OMG_SOC
CONTENT: Chào Quách Thị Thu,

Cảm ơn bạn đã đăng ký tham gia sự kiện "OMG_SOC" tại hệ thống EduNext.

MÃ XÁC NHẬN CỦA BẠN LÀ: 387115

Vui lòng mang mã này đến buổi sự kiện để thực hiện check-in.
Thời gian đăng ký: 05:53 04/05/2026

Trân trọng,
Đội ngũ EduNext.
Status: SUCCESS (Simulated)
--------------------------------------------------
